// Jest Snapshot v1, https://goo.gl/fbAQLP

exports[`return returns a store and useStore 1`] = `[Function]`;

exports[`return returns a store and useStore 2`] = `
<ContextProvider
  value={
    Object {
      "dispatch": Object {
        "increment": [Function],
        "sideMenu": Object {
          "child": Object {
            "toggle": [Function],
          },
          "increment": [Function],
          "toggle": [Function],
        },
        "toggle": [Function],
      },
      "state": Object {
        "count": 0,
        "sideMenu": Object {
          "child": Object {
            "isExpanded": false,
          },
          "isOpen": false,
          "maxItems": 100,
        },
      },
    }
  }
/>
`;
